// Jest Snapshot v1, https://goo.gl/fbAQLP

exports[`CreatableSelectField renders properly 1`] = `
<div>
  <CreatableSelect
    backspaceRemoves={false}
    disabled={true}
    filterOptions={[Function]}
    isLoading={true}
    isOptionUnique={[Function]}
    isValidNewOption={[Function]}
    menuRenderer={[Function]}
    newOptionCreator={[Function]}
    onChange={[Function]}
    options={Array []}
    promptTextCreator={[Function]}
    shouldKeyDownEventCreateNewOption={[Function]}
    value={null}
  />
  <div
    className="validationErrorMessage"
  />
</div>
`;
