// Jest Snapshot v1, https://goo.gl/fbAQLP

exports[`FileInputField renders properly 1`] = `
<FileInputField
  changeHandler={[MockFunction]}
  name="testName"
  valueUpdateHandler={[MockFunction]}
>
  <div>
    <Button
      active={false}
      block={false}
      bsClass="btn"
      bsStyle="default"
      disabled={false}
      onClick={[Function]}
    >
      <button
        className="btn btn-default"
        disabled={false}
        onClick={[Function]}
        type="button"
      >
        <span
          className="glyphicon glyphicon-import"
        />
        <input
          onChange={[Function]}
          style={
            Object {
              "display": "none",
            }
          }
          type="file"
        />
      </button>
    </Button>
    <div
      className="validationErrorMessage"
    />
  </div>
</FileInputField>
`;
